{"level":"info","time":"2026-08-23T18:04:28Z","message":"Thank you for trying Cloudflare Tunnel. Doing so, without a Cloudflare account, is a quick way to experiment and try it out. However, be aware that these account-less Tunnels have no uptime guarantee, are subject to the Cloudflare Online Services Terms of Use (https://www.cloudflare.com/website-terms/), and Cloudflare reserves the right to investigate your use of Tunnels for violations of such terms. If you intend to use Tunnels in production you should use a pre-created named tunnel by following: https://developers.cloudflare.com/cloudflare-one/connections/connect-apps"}
{"level":"info","time":"2026-08-23T18:04:28Z","message":"Requesting new quick Tunnel on trycloudflare.com..."}
{"level":"info","time":"2026-08-23T18:04:34Z","message":"+--------------------------------------------------------------------------------------------+"}
{"level":"info","time":"2026-08-23T18:04:34Z","message":"|  Your quick Tunnel has been created! Visit it at (it may take some time to be reachable):  |"}
{"level":"info","time":"2026-08-23T18:04:34Z","message":"|  https://flexible-smoking-boom-pre.trycloudflare.com                                       |"}
{"level":"info","time":"2026-08-23T18:04:34Z","message":"+--------------------------------------------------------------------------------------------+"}
{"level":"info","time":"2026-08-23T18:04:34Z","message":"Cannot determine default configuration path. No file [config.yml config.yaml] in [~/.cloudflared ~/.cloudflare-warp ~/cloudflare-warp /etc/cloudflared /usr/local/etc/cloudflared]"}
{"level":"info","time":"2026-08-23T18:04:34Z","message":"Version 2026.8.2 (Checksum fcfb02b575a52ca1af2e3267af4e1517bcdeb30ac48c834c69abaed3c0576ad2)"}
{"level":"info","time":"2026-08-23T18:04:34Z","message":"GOOS: linux, GOVersion: go1.26.4, GoArch: amd64"}
{"level":"info","time":"2026-08-23T18:04:34Z","message":"Settings: map[ha-connections:1 logfile:.server/.cld.log protocol:quic url:127.0.0.1:8080]"}
{"level":"info","autoupdateFreq":86400000,"time":"2026-08-23T18:04:34Z","message":"Autoupdate frequency is set"}
{"level":"info","time":"2026-08-23T18:04:34Z","message":"Generated Connector ID: d38760d8-942a-4917-8ce3-1806313fab30"}
{"level":"info","time":"2026-08-23T18:04:34Z","message":"Initial protocol quic"}
{"level":"info","time":"2026-08-23T18:04:34Z","message":"ICMP proxy will use 172.17.146.218 as source for IPv4"}
{"level":"info","time":"2026-08-23T18:04:34Z","message":"ICMP proxy will use fe80::215:5dff:fe05:acc6 in zone eth0 as source for IPv6"}
{"level":"info","time":"2026-08-23T18:04:34Z","message":"ICMP proxy will use 172.17.146.218 as source for IPv4"}
{"level":"info","time":"2026-08-23T18:04:34Z","message":"ICMP proxy will use fe80::215:5dff:fe05:acc6 in zone eth0 as source for IPv6"}
{"level":"info","time":"2026-08-23T18:04:34Z","message":"Starting metrics server on 127.0.0.1:20241/metrics"}
{"level":"info","event":0,"ip":"198.41.200.43","connIndex":0,"time":"2026-08-23T18:04:34Z","message":"Tunnel connection curve preferences: [X25519MLKEM768 CurveID(65074) CurveP256]"}
{"level":"info","event":0,"connection":"2909348d-3eb2-4741-918e-d74d68bc1165","connIndex":0,"location":"fco01","ip":"198.41.200.43","protocol":"quic","time":"2026-08-23T18:04:35Z","message":"Registered tunnel connection"}
{"level":"info","time":"2026-08-23T18:04:44Z","message":"+-----------------------------------------------------------------------------------------------+"}
{"level":"info","time":"2026-08-23T18:04:44Z","message":"|                                    CONNECTIVITY PRE-CHECKS                                    |"}
{"level":"info","time":"2026-08-23T18:04:44Z","message":"+-----------------------------------------------------------------------------------------------+"}
{"level":"info","time":"2026-08-23T18:04:44Z","message":"|  COMPONENT         TARGET                     STATUS  DETAILS                                 |"}
{"level":"info","time":"2026-08-23T18:04:44Z","message":"|  DNS Resolution    region1.v2.argotunnel.com  PASS    DNS Resolved successfully               |"}
{"level":"info","time":"2026-08-23T18:04:44Z","message":"|  DNS Resolution    region2.v2.argotunnel.com  PASS    DNS Resolved successfully               |"}
{"level":"info","time":"2026-08-23T18:04:44Z","message":"|  UDP Connectivity  region1.v2.argotunnel.com  FAIL    QUIC connection failed                  |"}
{"level":"info","time":"2026-08-23T18:04:44Z","message":"|  UDP Connectivity  region2.v2.argotunnel.com  FAIL    QUIC connection failed                  |"}
{"level":"info","time":"2026-08-23T18:04:44Z","message":"|  TCP Connectivity  region1.v2.argotunnel.com  PASS    HTTP/2 connection successful            |"}
{"level":"info","time":"2026-08-23T18:04:44Z","message":"|  TCP Connectivity  region2.v2.argotunnel.com  PASS    HTTP/2 connection successful            |"}
{"level":"info","time":"2026-08-23T18:04:44Z","message":"|  Cloudflare API    api.cloudflare.com:443     PASS    API is reachable                        |"}
{"level":"info","time":"2026-08-23T18:04:44Z","message":"|  WARNING: Allow outbound QUIC traffic on port 7844 or use HTTP2.                              |"}
{"level":"info","time":"2026-08-23T18:04:44Z","message":"|  WARNING: Allow outbound QUIC traffic on port 7844 or use HTTP2.                              |"}
{"level":"info","time":"2026-08-23T18:04:44Z","message":"|                                                                                               |"}
{"level":"info","time":"2026-08-23T18:04:44Z","message":"|  SUMMARY: Environment ready with degraded transport. cloudflared will proceed using 'http2'.  |"}
{"level":"info","time":"2026-08-23T18:04:44Z","message":"+-----------------------------------------------------------------------------------------------+"}
{"level":"info","run_id":"a8481005-b9a8-4eab-94e8-16a51830aa38","component":"DNS Resolution","target":"region1.v2.argotunnel.com","status":"pass","details":"DNS Resolved successfully","time":"2026-08-23T18:04:44Z","message":"precheck"}
{"level":"info","run_id":"a8481005-b9a8-4eab-94e8-16a51830aa38","component":"DNS Resolution","target":"region2.v2.argotunnel.com","status":"pass","details":"DNS Resolved successfully","time":"2026-08-23T18:04:44Z","message":"precheck"}
{"level":"info","run_id":"a8481005-b9a8-4eab-94e8-16a51830aa38","component":"UDP Connectivity","target":"region1.v2.argotunnel.com","status":"fail","details":"QUIC connection failed","time":"2026-08-23T18:04:44Z","message":"precheck"}
{"level":"info","run_id":"a8481005-b9a8-4eab-94e8-16a51830aa38","component":"UDP Connectivity","target":"region2.v2.argotunnel.com","status":"fail","details":"QUIC connection failed","time":"2026-08-23T18:04:44Z","message":"precheck"}
{"level":"info","run_id":"a8481005-b9a8-4eab-94e8-16a51830aa38","component":"TCP Connectivity","target":"region1.v2.argotunnel.com","status":"pass","details":"HTTP/2 connection successful","time":"2026-08-23T18:04:44Z","message":"precheck"}
{"level":"info","run_id":"a8481005-b9a8-4eab-94e8-16a51830aa38","component":"TCP Connectivity","target":"region2.v2.argotunnel.com","status":"pass","details":"HTTP/2 connection successful","time":"2026-08-23T18:04:44Z","message":"precheck"}
{"level":"info","run_id":"a8481005-b9a8-4eab-94e8-16a51830aa38","component":"Cloudflare API","target":"api.cloudflare.com:443","status":"pass","details":"API is reachable","time":"2026-08-23T18:04:44Z","message":"precheck"}
{"level":"info","run_id":"a8481005-b9a8-4eab-94e8-16a51830aa38","hard_fail":false,"suggested_protocol":"http2","time":"2026-08-23T18:04:44Z","message":"precheck complete"}
{"level":"info","time":"2026-08-23T18:06:53Z","message":"Initiating graceful shutdown due to signal terminated ..."}
{"level":"error","event":0,"ip":"198.41.200.43","connIndex":0,"error":"Application error 0x0 (remote)","time":"2026-08-23T18:06:53Z","message":"failed to run the datagram handler"}
{"level":"error","event":0,"ip":"198.41.200.43","connIndex":0,"error":"accept stream listener encountered a failure while serving","time":"2026-08-23T18:06:53Z","message":"failed to serve tunnel connection"}
{"level":"error","event":0,"ip":"198.41.200.43","connIndex":0,"error":"accept stream listener encountered a failure while serving","time":"2026-08-23T18:06:53Z","message":"Serve tunnel error"}
{"level":"info","event":0,"ip":"198.41.200.43","connIndex":0,"time":"2026-08-23T18:06:53Z","message":"Retrying connection in up to 1s"}
{"level":"error","connIndex":0,"time":"2026-08-23T18:06:53Z","message":"Connection terminated"}
{"level":"error","time":"2026-08-23T18:06:53Z","message":"no more connections active and exiting"}
{"level":"info","time":"2026-08-23T18:06:53Z","message":"Tunnel server stopped"}
{"level":"info","time":"2026-08-23T18:06:53Z","message":"Metrics server stopped"}
